LAMMPS (15 May 2019)
units metal
atom_style atomic
atom_modify map array sort 0 0
boundary p p p
box tilt large
region cell prism    0 0.8442 0 0.8442 0 0.8442     0.0 0.0 0.0     units box
create_box 1 cell
Created triclinic box = (0 0 0) to (0.8442 0.8442 0.8442) with tilt (0 0 0)
  1 by 1 by 1 MPI processor grid
echo none
Created 4 atoms
  create_atoms CPU = 8.4877e-05 secs
  1 settings made for type
  1 settings made for type
  1 settings made for type
  1 settings made for type
pair_style      lj/cut 2.5
pair_coeff      1 1 1.0 1.0 
mass 1 63.545999983653160825269878841937
variable pxx equal pxx
variable pyy equal pyy
variable pzz equal pzz
variable pxy equal pxy
variable pxz equal pxz
variable pyz equal pyz
thermo_style custom pe pxx emol ecoul
variable fx atom fx
variable fy atom fy
variable fz atom fz
variable pe equal pe
neigh_modify delay 0 every 1 check yes
echo none
run 0
WARNING: No fixes defined, atoms won't move (../verlet.cpp:55)
Neighbor list info ...
  update every 1 steps, delay 0 steps, check yes
  max neighbors/atom: 2000, page size: 100000
  master list distance cutoff = 4.5
  ghost atom cutoff = 4.5
  binsize = 2.25, bins = 1 1 1
  1 neighbor lists, perpetual/occasional/extra = 1 0 0
  (1) pair lj/cut, perpetual
      attributes: half, newton on
      pair build: half/bin/newton/tri
      stencil: half/bin/3d/newton/tri
      bin: standard
WARNING: Proc sub-domain size < neighbor skin, could lead to lost atoms (../domain.cpp:934)
Per MPI rank memory allocation (min/avg/max) = 3.236 | 3.236 | 3.236 Mbytes
PotEng Pxx E_mol E_coul 
   44867.093 4.9146192e+11            0            0 
Loop time of 9.53674e-07 on 1 procs for 0 steps with 4 atoms

104.9% CPU use with 1 MPI tasks x no OpenMP threads

MPI task timing breakdown:
Section |  min time  |  avg time  |  max time  |%varavg| %total
---------------------------------------------------------------
Pair    | 0          | 0          | 0          |   0.0 |  0.00
Neigh   | 0          | 0          | 0          |   0.0 |  0.00
Comm    | 0          | 0          | 0          |   0.0 |  0.00
Output  | 0          | 0          | 0          |   0.0 |  0.00
Modify  | 0          | 0          | 0          |   0.0 |  0.00
Other   |            | 9.537e-07  |            |       |100.00

Nlocal:    4 ave 4 max 4 min
Histogram: 1 0 0 0 0 0 0 0 0 0
Nghost:    6080 ave 6080 max 6080 min
Histogram: 1 0 0 0 0 0 0 0 0 0
Neighs:    4980 ave 4980 max 4980 min
Histogram: 1 0 0 0 0 0 0 0 0 0

Total # of neighbors = 4980
Ave neighs/atom = 1245
Neighbor list builds = 0
Dangerous builds = 0
Total wall time: 0:00:00
